2023-08-15 16:59:49,996;INFO;MainThread;proxy.py;proxy;validate;(47);serverProxy validating
2023-08-15 16:59:49,996;INFO;MainThread;proxy.py;proxy;validate;(49);serverProxy validated
2023-08-17 16:45:32,436;INFO;MainThread;proxy.py;proxy;validate;(47);serverProxy validating
2023-08-17 16:45:32,436;INFO;MainThread;proxy.py;proxy;validate;(49);serverProxy validated
2023-08-17 16:45:42,827;INFO;MainThread;proxy.py;proxy;validate;(47);serverProxy validating
2023-08-17 16:45:42,827;INFO;MainThread;proxy.py;proxy;validate;(49);serverProxy validated
2023-08-17 17:02:26,931;INFO;MainThread;proxy.py;proxy;validate;(47);serverProxy validating
2023-08-17 17:02:26,932;INFO;MainThread;proxy.py;proxy;validate;(49);serverProxy validated
2023-08-17 17:04:28,976;INFO;MainThread;proxy.py;proxy;validate;(47);serverProxy validating
2023-08-17 17:04:28,976;INFO;MainThread;proxy.py;proxy;validate;(49);serverProxy validated
2023-08-17 17:05:16,331;INFO;MainThread;proxy.py;proxy;validate;(47);serverProxy validating
2023-08-17 17:05:16,331;INFO;MainThread;proxy.py;proxy;validate;(49);serverProxy validated
2023-08-17 17:05:28,251;INFO;MainThread;proxy.py;proxy;validate;(47);serverProxy validating
2023-08-17 17:05:28,251;INFO;MainThread;proxy.py;proxy;validate;(49);serverProxy validated
2023-08-17 17:05:39,692;INFO;MainThread;proxy.py;proxy;validate;(47);serverProxy validating
2023-08-17 17:05:39,692;INFO;MainThread;proxy.py;proxy;validate;(49);serverProxy validated
2023-08-17 17:06:39,261;INFO;MainThread;proxy.py;proxy;validate;(47);serverProxy validating
2023-08-17 17:06:39,261;INFO;MainThread;proxy.py;proxy;validate;(49);serverProxy validated
2023-08-17 17:26:50,271;INFO;MainThread;proxy.py;proxy;validate;(47);serverProxy validating
2023-08-17 17:26:50,271;INFO;MainThread;proxy.py;proxy;validate;(49);serverProxy validated
2023-08-17 17:27:16,987;INFO;MainThread;proxy.py;proxy;validate;(47);serverProxy validating
2023-08-17 17:27:16,987;INFO;MainThread;proxy.py;proxy;validate;(49);serverProxy validated
2023-08-17 17:27:42,018;INFO;MainThread;proxy.py;proxy;validate;(47);serverProxy validating
2023-08-17 17:27:42,019;INFO;MainThread;proxy.py;proxy;validate;(49);serverProxy validated
2023-08-17 17:29:01,411;INFO;MainThread;proxy.py;proxy;validate;(47);serverProxy validating
2023-08-17 17:29:01,411;INFO;MainThread;proxy.py;proxy;validate;(49);serverProxy validated
2023-09-10 20:19:34,616;INFO;MainThread;proxy.py;proxy;validate;(47);serverProxy validating
2023-09-10 20:19:34,617;INFO;MainThread;proxy.py;proxy;validate;(49);serverProxy validated
2023-09-10 20:21:05,734;INFO;MainThread;proxy.py;proxy;validate;(47);serverProxy validating
2023-09-10 20:21:05,737;INFO;MainThread;proxy.py;proxy;validate;(49);serverProxy validated
2023-09-10 20:21:12,427;INFO;MainThread;proxy.py;proxy;validate;(47);serverProxy validating
2023-09-10 20:21:12,427;INFO;MainThread;proxy.py;proxy;validate;(49);serverProxy validated
2023-09-10 20:21:17,438;INFO;MainThread;proxy.py;proxy;validate;(47);serverProxy validating
2023-09-10 20:21:17,440;INFO;MainThread;proxy.py;proxy;validate;(49);serverProxy validated
2023-09-10 20:22:26,969;INFO;MainThread;proxy.py;proxy;validate;(47);serverProxy validating
2023-09-10 20:22:26,969;INFO;MainThread;proxy.py;proxy;validate;(49);serverProxy validated
2023-09-10 20:22:40,936;INFO;MainThread;proxy.py;proxy;validate;(47);serverProxy validating
2023-09-10 20:22:40,937;INFO;MainThread;proxy.py;proxy;validate;(49);serverProxy validated
2023-09-10 20:22:47,634;INFO;MainThread;proxy.py;proxy;validate;(47);serverProxy validating
2023-09-10 20:22:47,635;INFO;MainThread;proxy.py;proxy;validate;(49);serverProxy validated
2023-09-10 20:23:27,460;INFO;MainThread;proxy.py;proxy;validate;(48);serverProxy validating
2023-09-10 20:23:27,461;INFO;MainThread;proxy.py;proxy;validate;(50);serverProxy validated
2023-09-10 20:23:40,336;INFO;MainThread;proxy.py;proxy;validate;(48);serverProxy validating
2023-09-10 20:23:40,337;INFO;MainThread;proxy.py;proxy;validate;(50);serverProxy validated
2023-09-10 20:24:01,853;INFO;MainThread;proxy.py;proxy;validate;(48);serverProxy validating
2023-09-10 20:24:01,854;INFO;MainThread;proxy.py;proxy;validate;(50);serverProxy validated
2023-09-10 20:26:34,017;INFO;MainThread;proxy.py;proxy;validate;(48);serverProxy validating
2023-09-10 20:26:34,018;INFO;MainThread;proxy.py;proxy;validate;(50);serverProxy validated
2023-11-23 15:25:58,410;INFO;MainThread;proxy.py;proxy;validate;(48);serverProxy validating
2023-11-23 15:25:58,411;INFO;MainThread;proxy.py;proxy;validate;(50);serverProxy validated
2023-11-23 15:29:49,012;INFO;MainThread;proxy.py;proxy;validate;(48);serverProxy validating
2023-11-23 15:29:49,012;INFO;MainThread;proxy.py;proxy;validate;(50);serverProxy validated
2023-11-23 15:30:13,377;INFO;MainThread;proxy.py;proxy;validate;(48);serverProxy validating
2023-11-23 15:30:13,378;INFO;MainThread;proxy.py;proxy;validate;(50);serverProxy validated
2023-11-23 15:30:25,726;INFO;MainThread;proxy.py;proxy;validate;(48);serverProxy validating
2023-11-23 15:30:25,726;INFO;MainThread;proxy.py;proxy;validate;(50);serverProxy validated
2023-11-23 16:02:14,508;INFO;MainThread;proxy.py;proxy;validate;(48);serverProxy validating
2023-11-23 16:02:14,508;INFO;MainThread;proxy.py;proxy;validate;(50);serverProxy validated
2023-11-23 16:02:38,365;INFO;MainThread;proxy.py;proxy;validate;(48);serverProxy validating
2023-11-23 16:02:38,366;INFO;MainThread;proxy.py;proxy;validate;(50);serverProxy validated
2026-09-15 15:33:40,916;INFO;ycappuccino-async;activity_logger.py;activity_logger;start;(82);main is valid
2026-09-15 15:33:40,917;INFO;ycappuccino-async;list_components.py;list_components;start;(43);start list component
2026-09-15 15:33:40,918;INFO;ycappuccino-async;list_components.py;list_components;stop;(46);stop list component
2026-09-15 15:33:40,919;INFO;ycappuccino-async;activity_logger.py;activity_logger;stop;(85);main is invalid
2026-09-15 15:33:51,751;INFO;ycappuccino-async;activity_logger.py;activity_logger;start;(82);main is valid
2026-09-15 15:33:51,751;INFO;ycappuccino-async;list_components.py;list_components;start;(43);start list component
2026-09-15 15:33:52,258;INFO;ycappuccino-async;list_components.py;list_components;stop;(46);stop list component
2026-09-15 15:33:52,258;INFO;ycappuccino-async;activity_logger.py;activity_logger;stop;(85);main is invalid
2026-09-15 15:34:02,199;INFO;ycappuccino-async;activity_logger.py;activity_logger;start;(82);main is valid
2026-09-15 15:34:02,200;INFO;ycappuccino-async;list_components.py;list_components;start;(43);start list component
2026-09-15 15:34:02,708;INFO;ycappuccino-async;list_components.py;list_components;stop;(46);stop list component
2026-09-15 15:34:02,708;INFO;ycappuccino-async;activity_logger.py;activity_logger;stop;(85);main is invalid
2026-09-15 15:34:17,398;INFO;ycappuccino-async;activity_logger.py;activity_logger;start;(82);main is valid
2026-09-15 15:34:17,399;INFO;ycappuccino-async;list_components.py;list_components;start;(43);start list component
2026-09-15 15:34:18,405;INFO;ycappuccino-async;list_components.py;list_components;stop;(46);stop list component
2026-09-15 15:34:18,406;INFO;ycappuccino-async;activity_logger.py;activity_logger;stop;(85);main is invalid
2026-09-15 15:34:31,649;INFO;ycappuccino-async;activity_logger.py;activity_logger;start;(82);main is valid
2026-09-15 15:34:31,649;INFO;ycappuccino-async;list_components.py;list_components;start;(43);start list component
2026-09-15 15:34:31,650;INFO;ycappuccino-async;list_components.py;list_components;stop;(46);stop list component
2026-09-15 15:34:31,650;INFO;ycappuccino-async;activity_logger.py;activity_logger;stop;(85);main is invalid
2026-09-15 15:34:41,026;INFO;ycappuccino-async;activity_logger.py;activity_logger;start;(82);main is valid
2026-09-15 15:34:41,026;INFO;ycappuccino-async;list_components.py;list_components;start;(43);start list component
2026-09-15 15:34:41,534;INFO;ycappuccino-async;list_components.py;list_components;stop;(46);stop list component
2026-09-15 15:34:41,535;INFO;ycappuccino-async;activity_logger.py;activity_logger;stop;(85);main is invalid
2026-09-15 15:35:19,032;INFO;ycappuccino-async;activity_logger.py;activity_logger;start;(82);main is valid
2026-09-15 15:35:19,032;INFO;ycappuccino-async;list_components.py;list_components;start;(43);start list component
2026-09-15 15:35:19,033;INFO;ycappuccino-async;list_components.py;list_components;stop;(46);stop list component
2026-09-15 15:35:19,033;INFO;ycappuccino-async;activity_logger.py;activity_logger;stop;(85);main is invalid
2026-09-15 15:35:46,243;INFO;ycappuccino-async;activity_logger.py;activity_logger;start;(82);main is valid
2026-09-15 15:35:46,244;INFO;ycappuccino-async;list_components.py;list_components;start;(43);start list component
2026-09-15 15:35:46,751;INFO;ycappuccino-async;list_components.py;list_components;stop;(46);stop list component
2026-09-15 15:35:46,752;INFO;ycappuccino-async;activity_logger.py;activity_logger;stop;(85);main is invalid
